namespace HealthChecks.IbmDb2
{
    public class IbmDb2HealthCheck : Microsoft.Extensions.Diagnostics.HealthChecks.IHealthCheck
    {
        public IbmDb2HealthCheck(HealthChecks.IbmDb2.IbmDb2HealthCheckOptions options) { }
        public System.Threading.Tasks.Task<Microsoft.Extensions.Diagnostics.HealthChecks.HealthCheckResult> CheckHealthAsync(Microsoft.Extensions.Diagnostics.HealthChecks.HealthCheckContext context, System.Threading.CancellationToken cancellationToken = default) { }
    }
    public class IbmDb2HealthCheckOptions
    {
        public IbmDb2HealthCheckOptions() { }
        public string CommandText { get; set; }
        public System.Action<IBM.Data.Db2.DB2Connection>? Configure { get; set; }
        public string ConnectionString { get; set; }
        public System.Func<object?, Microsoft.Extensions.Diagnostics.HealthChecks.HealthCheckResult>? HealthCheckResultBuilder { get; set; }
    }
}
namespace Microsoft.Extensions.DependencyInjection
{
    public static class IbmDb2HealthCheckBuilderExtensions
    {
        public static Microsoft.Extensions.DependencyInjection.IHealthChecksBuilder AddDb2(this Microsoft.Extensions.DependencyInjection.IHealthChecksBuilder builder, HealthChecks.IbmDb2.IbmDb2HealthCheckOptions options, string? name = null, Microsoft.Extensions.Diagnostics.HealthChecks.HealthStatus? failureStatus = default, System.Collections.Generic.IEnumerable<string>? tags = null, System.TimeSpan? timeout = default) { }
        public static Microsoft.Extensions.DependencyInjection.IHealthChecksBuilder AddDb2(this Microsoft.Extensions.DependencyInjection.IHealthChecksBuilder builder, System.Func<System.IServiceProvider, string> connectionStringFactory, string healthQuery = "SELECT 1 FROM SYSIBM.SYSDUMMY1;", System.Action<IBM.Data.Db2.DB2Connection>? configure = null, string? name = null, Microsoft.Extensions.Diagnostics.HealthChecks.HealthStatus? failureStatus = default, System.Collections.Generic.IEnumerable<string>? tags = null, System.TimeSpan? timeout = default) { }
        public static Microsoft.Extensions.DependencyInjection.IHealthChecksBuilder AddDb2(this Microsoft.Extensions.DependencyInjection.IHealthChecksBuilder builder, string connectionString, string healthQuery = "SELECT 1 FROM SYSIBM.SYSDUMMY1;", System.Action<IBM.Data.Db2.DB2Connection>? configure = null, string? name = null, Microsoft.Extensions.Diagnostics.HealthChecks.HealthStatus? failureStatus = default, System.Collections.Generic.IEnumerable<string>? tags = null, System.TimeSpan? timeout = default) { }
    }
}